// Jest Snapshot v1, https://goo.gl/fbAQLP

exports[`OptionPanel render&actions Блокирование расположения блока 1`] = `
<div
  className="option-panel"
>
  <div
    className="option-panel__group option-panel__group--style"
  >
    <div
      className="option"
      onClick={[Function]}
      onMouseOut={[Function]}
      onMouseOver={[Function]}
    >
      <select
        className="option__select"
        data-tooltip={true}
        onChange={[Function]}
        value="Roboto"
      >
        <option
          style={
            Object {
              "fontFamily": "PTSans",
            }
          }
        >
          PTSans
        </option>
        <option
          style={
            Object {
              "fontFamily": "Roboto",
            }
          }
        >
          Roboto
        </option>
        <option
          style={
            Object {
              "fontFamily": "Helvetica",
            }
          }
        >
          Helvetica
        </option>
        <option
          style={
            Object {
              "fontFamily": "Garamond",
            }
          }
        >
          Garamond
        </option>
      </select>
    </div>
    <div
      className="option"
      onClick={[Function]}
      onMouseOut={[Function]}
      onMouseOver={[Function]}
    >
      <input
        className="option__color"
        data-tooltip={true}
        onChange={[Function]}
        type="color"
        value="#000000"
      />
    </div>
    <div
      className="option"
      onClick={[Function]}
      onMouseOut={[Function]}
      onMouseOver={[Function]}
    >
      <input
        className="option__button option__button--left"
        data-tooltip={true}
        onClick={[Function]}
        type="button"
        value="–"
      />
      <input
        className="option__number"
        data-tooltip={true}
        max={60}
        min={6}
        readOnly={true}
        type="text"
        value="20"
      />
      <input
        className="option__button option__button--right"
        data-tooltip={true}
        onClick={[Function]}
        type="button"
        value="+"
      />
    </div>
    <div
      className="option"
      onClick={[Function]}
      onMouseOut={[Function]}
      onMouseOver={[Function]}
    >
      <input
        checked={true}
        className="option__checkbox option__checkbox--bold"
        id="bold"
        onChange={[Function]}
        type="checkbox"
      />
      <label
        className="option__label"
        data-tooltip={true}
        htmlFor="bold"
      />
    </div>
    <div
      className="option"
      onClick={[Function]}
      onMouseOut={[Function]}
      onMouseOver={[Function]}
    >
      <input
        checked={false}
        className="option__checkbox option__checkbox--italic"
        id="italic"
        onChange={[Function]}
        type="checkbox"
      />
      <label
        className="option__label"
        data-tooltip={true}
        htmlFor="italic"
      />
    </div>
    <div
      className="option"
      onClick={[Function]}
      onMouseOut={[Function]}
      onMouseOver={[Function]}
    >
      <input
        checked={false}
        className="option__checkbox option__checkbox--center"
        id="center"
        onChange={[Function]}
        type="checkbox"
      />
      <label
        className="option__label"
        data-tooltip={true}
        htmlFor="center"
      />
    </div>
    <div
      className="option"
      onClick={[Function]}
      onMouseOut={[Function]}
      onMouseOver={[Function]}
    >
      <input
        checked={false}
        className="option__checkbox option__checkbox--uppercase"
        id="uppercase"
        onChange={[Function]}
        type="checkbox"
      />
      <label
        className="option__label"
        data-tooltip={true}
        htmlFor="uppercase"
      />
    </div>
    <div
      className="option"
      onClick={[Function]}
      onMouseOut={[Function]}
      onMouseOver={[Function]}
    >
      <input
        checked={false}
        className="option__checkbox option__checkbox--underline"
        id="underline"
        onChange={[Function]}
        type="checkbox"
      />
      <label
        className="option__label"
        data-tooltip={true}
        htmlFor="underline"
      />
    </div>
    <div
      className="option"
      onClick={[Function]}
      onMouseOut={[Function]}
      onMouseOver={[Function]}
    >
      <input
        className="option__button option__down option__button--padding"
        data-tooltip={true}
        onClick={[Function]}
        type="button"
      />
      <form
        className="option__drop-down"
        name="padding"
        onMouseLeave={[Function]}
      >
        <div
          className="option__drop-down-line"
        >
          <span>
            padding top
          </span>
          <input
            className="option__button option__button--left"
            onClick={[Function]}
            type="button"
            value="–"
          />
          <input
            className="option__number"
            max={100}
            min={0}
            readOnly={true}
            type="text"
            value={0}
          />
          <input
            className="option__button option__button--right"
            onClick={[Function]}
            type="button"
            value="+"
          />
        </div>
        <div
          className="option__drop-down-line"
        >
          <span>
            padding right
          </span>
          <input
            className="option__button option__button--left"
            onClick={[Function]}
            type="button"
            value="–"
          />
          <input
            className="option__number"
            max={100}
            min={0}
            readOnly={true}
            type="text"
            value={0}
          />
          <input
            className="option__button option__button--right"
            onClick={[Function]}
            type="button"
            value="+"
          />
        </div>
        <div
          className="option__drop-down-line"
        >
          <span>
            padding left
          </span>
          <input
            className="option__button option__button--left"
            onClick={[Function]}
            type="button"
            value="–"
          />
          <input
            className="option__number"
            max={100}
            min={0}
            readOnly={true}
            type="text"
            value={1}
          />
          <input
            className="option__button option__button--right"
            onClick={[Function]}
            type="button"
            value="+"
          />
        </div>
        <div
          className="option__drop-down-line"
        >
          <span>
            padding bottom
          </span>
          <input
            className="option__button option__button--left"
            onClick={[Function]}
            type="button"
            value="–"
          />
          <input
            className="option__number"
            max={100}
            min={0}
            readOnly={true}
            type="text"
            value={0}
          />
          <input
            className="option__button option__button--right"
            onClick={[Function]}
            type="button"
            value="+"
          />
        </div>
      </form>
    </div>
  </div>
  <div
    className="option-panel__group option-panel__group--blocks"
  >
    <div
      className="option"
      onClick={[Function]}
      onMouseOut={[Function]}
      onMouseOver={[Function]}
    >
      <input
        checked={false}
        className="option__checkbox option__checkbox--lock"
        id="lock"
        onChange={[Function]}
        type="checkbox"
      />
      <label
        className="option__label"
        data-tooltip={true}
        htmlFor="lock"
      />
    </div>
    <div
      className="option"
      onClick={[Function]}
      onMouseOut={[Function]}
      onMouseOver={[Function]}
    >
      <input
        className="option__button option__button--autosize"
        data-tooltip={true}
        onClick={[Function]}
        type="button"
      />
    </div>
    <div
      className="option"
      onClick={[Function]}
      onMouseOut={[Function]}
      onMouseOver={[Function]}
    >
      <input
        className="option__button option__button--back"
        data-tooltip={true}
        onClick={[Function]}
        type="button"
      />
    </div>
    <div
      className="option"
      onClick={[Function]}
      onMouseOut={[Function]}
      onMouseOver={[Function]}
    >
      <input
        className="option__button option__button--copy"
        data-tooltip={true}
        onClick={[Function]}
        type="button"
      />
    </div>
    <div
      className="option"
      onClick={[Function]}
      onMouseOut={[Function]}
      onMouseOver={[Function]}
    >
      <input
        className="option__button option__down option__button--link"
        data-tooltip={true}
        onClick={[Function]}
        type="button"
      />
      <div
        className="option__drop-down"
      >
        <div
          className="option__drop-down-line"
        >
          <span>
            Link:
          </span>
          <input
            className="option__text option__link"
            defaultValue=""
            type="text"
          />
          <button
            className="option__button option__button--ok"
            onClick={[Function]}
          />
          <button
            className="option__button option__button--del"
            onClick={[Function]}
          />
        </div>
      </div>
    </div>
    <div
      className="option"
      onClick={[Function]}
      onMouseOut={[Function]}
      onMouseOver={[Function]}
    >
      <input
        className="option__button option__button--save"
        data-tooltip={true}
        onClick={[Function]}
        type="button"
      />
    </div>
  </div>
</div>
`;

exports[`OptionPanel render&actions Изменение цвета текста 1`] = `
<div
  className="option-panel"
>
  <div
    className="option-panel__group option-panel__group--style"
  >
    <div
      className="option"
      onClick={[Function]}
      onMouseOut={[Function]}
      onMouseOver={[Function]}
    >
      <select
        className="option__select"
        data-tooltip={true}
        onChange={[Function]}
        value="Roboto"
      >
        <option
          style={
            Object {
              "fontFamily": "PTSans",
            }
          }
        >
          PTSans
        </option>
        <option
          style={
            Object {
              "fontFamily": "Roboto",
            }
          }
        >
          Roboto
        </option>
        <option
          style={
            Object {
              "fontFamily": "Helvetica",
            }
          }
        >
          Helvetica
        </option>
        <option
          style={
            Object {
              "fontFamily": "Garamond",
            }
          }
        >
          Garamond
        </option>
      </select>
    </div>
    <div
      className="option"
      onClick={[Function]}
      onMouseOut={[Function]}
      onMouseOver={[Function]}
    >
      <input
        className="option__color"
        data-tooltip={true}
        onChange={[Function]}
        type="color"
        value="#000000"
      />
    </div>
    <div
      className="option"
      onClick={[Function]}
      onMouseOut={[Function]}
      onMouseOver={[Function]}
    >
      <input
        className="option__button option__button--left"
        data-tooltip={true}
        onClick={[Function]}
        type="button"
        value="–"
      />
      <input
        className="option__number"
        data-tooltip={true}
        max={60}
        min={6}
        readOnly={true}
        type="text"
        value="20"
      />
      <input
        className="option__button option__button--right"
        data-tooltip={true}
        onClick={[Function]}
        type="button"
        value="+"
      />
    </div>
    <div
      className="option"
      onClick={[Function]}
      onMouseOut={[Function]}
      onMouseOver={[Function]}
    >
      <input
        checked={true}
        className="option__checkbox option__checkbox--bold"
        id="bold"
        onChange={[Function]}
        type="checkbox"
      />
      <label
        className="option__label"
        data-tooltip={true}
        htmlFor="bold"
      />
    </div>
    <div
      className="option"
      onClick={[Function]}
      onMouseOut={[Function]}
      onMouseOver={[Function]}
    >
      <input
        checked={false}
        className="option__checkbox option__checkbox--italic"
        id="italic"
        onChange={[Function]}
        type="checkbox"
      />
      <label
        className="option__label"
        data-tooltip={true}
        htmlFor="italic"
      />
    </div>
    <div
      className="option"
      onClick={[Function]}
      onMouseOut={[Function]}
      onMouseOver={[Function]}
    >
      <input
        checked={false}
        className="option__checkbox option__checkbox--center"
        id="center"
        onChange={[Function]}
        type="checkbox"
      />
      <label
        className="option__label"
        data-tooltip={true}
        htmlFor="center"
      />
    </div>
    <div
      className="option"
      onClick={[Function]}
      onMouseOut={[Function]}
      onMouseOver={[Function]}
    >
      <input
        checked={false}
        className="option__checkbox option__checkbox--uppercase"
        id="uppercase"
        onChange={[Function]}
        type="checkbox"
      />
      <label
        className="option__label"
        data-tooltip={true}
        htmlFor="uppercase"
      />
    </div>
    <div
      className="option"
      onClick={[Function]}
      onMouseOut={[Function]}
      onMouseOver={[Function]}
    >
      <input
        checked={false}
        className="option__checkbox option__checkbox--underline"
        id="underline"
        onChange={[Function]}
        type="checkbox"
      />
      <label
        className="option__label"
        data-tooltip={true}
        htmlFor="underline"
      />
    </div>
    <div
      className="option"
      onClick={[Function]}
      onMouseOut={[Function]}
      onMouseOver={[Function]}
    >
      <input
        className="option__button option__down option__button--padding"
        data-tooltip={true}
        onClick={[Function]}
        type="button"
      />
      <form
        className="option__drop-down"
        name="padding"
        onMouseLeave={[Function]}
      >
        <div
          className="option__drop-down-line"
        >
          <span>
            padding top
          </span>
          <input
            className="option__button option__button--left"
            onClick={[Function]}
            type="button"
            value="–"
          />
          <input
            className="option__number"
            max={100}
            min={0}
            readOnly={true}
            type="text"
            value={0}
          />
          <input
            className="option__button option__button--right"
            onClick={[Function]}
            type="button"
            value="+"
          />
        </div>
        <div
          className="option__drop-down-line"
        >
          <span>
            padding right
          </span>
          <input
            className="option__button option__button--left"
            onClick={[Function]}
            type="button"
            value="–"
          />
          <input
            className="option__number"
            max={100}
            min={0}
            readOnly={true}
            type="text"
            value={0}
          />
          <input
            className="option__button option__button--right"
            onClick={[Function]}
            type="button"
            value="+"
          />
        </div>
        <div
          className="option__drop-down-line"
        >
          <span>
            padding left
          </span>
          <input
            className="option__button option__button--left"
            onClick={[Function]}
            type="button"
            value="–"
          />
          <input
            className="option__number"
            max={100}
            min={0}
            readOnly={true}
            type="text"
            value={1}
          />
          <input
            className="option__button option__button--right"
            onClick={[Function]}
            type="button"
            value="+"
          />
        </div>
        <div
          className="option__drop-down-line"
        >
          <span>
            padding bottom
          </span>
          <input
            className="option__button option__button--left"
            onClick={[Function]}
            type="button"
            value="–"
          />
          <input
            className="option__number"
            max={100}
            min={0}
            readOnly={true}
            type="text"
            value={0}
          />
          <input
            className="option__button option__button--right"
            onClick={[Function]}
            type="button"
            value="+"
          />
        </div>
      </form>
    </div>
  </div>
  <div
    className="option-panel__group option-panel__group--blocks"
  >
    <div
      className="option"
      onClick={[Function]}
      onMouseOut={[Function]}
      onMouseOver={[Function]}
    >
      <input
        checked={false}
        className="option__checkbox option__checkbox--lock"
        id="lock"
        onChange={[Function]}
        type="checkbox"
      />
      <label
        className="option__label"
        data-tooltip={true}
        htmlFor="lock"
      />
    </div>
    <div
      className="option"
      onClick={[Function]}
      onMouseOut={[Function]}
      onMouseOver={[Function]}
    >
      <input
        className="option__button option__button--autosize"
        data-tooltip={true}
        onClick={[Function]}
        type="button"
      />
    </div>
    <div
      className="option"
      onClick={[Function]}
      onMouseOut={[Function]}
      onMouseOver={[Function]}
    >
      <input
        className="option__button option__button--back"
        data-tooltip={true}
        onClick={[Function]}
        type="button"
      />
    </div>
    <div
      className="option"
      onClick={[Function]}
      onMouseOut={[Function]}
      onMouseOver={[Function]}
    >
      <input
        className="option__button option__button--copy"
        data-tooltip={true}
        onClick={[Function]}
        type="button"
      />
    </div>
    <div
      className="option"
      onClick={[Function]}
      onMouseOut={[Function]}
      onMouseOver={[Function]}
    >
      <input
        className="option__button option__down option__button--link"
        data-tooltip={true}
        onClick={[Function]}
        type="button"
      />
      <div
        className="option__drop-down"
      >
        <div
          className="option__drop-down-line"
        >
          <span>
            Link:
          </span>
          <input
            className="option__text option__link"
            defaultValue=""
            type="text"
          />
          <button
            className="option__button option__button--ok"
            onClick={[Function]}
          />
          <button
            className="option__button option__button--del"
            onClick={[Function]}
          />
        </div>
      </div>
    </div>
    <div
      className="option"
      onClick={[Function]}
      onMouseOut={[Function]}
      onMouseOver={[Function]}
    >
      <input
        className="option__button option__button--save"
        data-tooltip={true}
        onClick={[Function]}
        type="button"
      />
    </div>
  </div>
</div>
`;
